== Esperando a que oralab-26ai este healthy (max. 5 min) ==
  intento 1: starting
  intento 2: starting
  intento 3: starting
  intento 4: healthy
== Estado final ==
oralab-26ai  Up 15 seconds (healthy)
== Registro de arranque (docker logs) ==
Starting Oracle Net Listener.
Oracle Net Listener started.
Starting Oracle AI Database instance FREE.
Oracle AI Database instance FREE started.

The Oracle base remains unchanged with value /opt/oracle

SQL*Plus: Release 23.26.3.0.0 - Production on Tue Oct 6 21:05:39 2026
Version 23.26.3.0.0

Copyright (c) 1982, 2026, Oracle.  All rights reserved.


Connected to:
Oracle AI Database 26ai Free Release 23.26.3.0.0 - Develop, Learn, and Run for Free
Version 23.26.3.0.0

SQL> 
User altered.

SQL> 
User altered.

SQL> 
Session altered.

SQL> 
User altered.

SQL> Disconnected from Oracle AI Database 26ai Free Release 23.26.3.0.0 - Develop, Learn, and Run for Free
Version 23.26.3.0.0
#########################
DATABASE IS READY TO USE!
#########################
The following output is now a tail of the alert.log:
CLID: P
PDB$SEED(2):Autotune of undo retention is turned on. 
PDB$SEED(2):Opening pdb with Resource Manager plan: DEFAULT_PLAN
FREEPDB1(3):Autotune of undo retention is turned on. 
2026-10-06T21:05:39.585647+00:00
FREEPDB1(3):Opening pdb with Resource Manager plan: DEFAULT_PLAN
Completed: Pluggable database FREEPDB1 opened read write 
Completed: ALTER DATABASE OPEN
2026-10-06T21:05:40.400415+00:00
FREEPDB1(3):TABLE AUDSYS.AUD$UNIFIED: ADDED INTERVAL PARTITION SYS_P496 (4481) VALUES LESS THAN (TIMESTAMP' 2026-10-07 00:00:00')
2026-10-06T21:05:40.881341+00:00
===========================================================
Dumping current patch information
===========================================================
No patches have been applied
===========================================================
2026-10-06T21:05:41.297849+00:00
FREEPDB1(3):Resize operation completed for file# 13, fname /opt/oracle/oradata/FREE/FREEPDB1/sysaux01.dbf, old size 409600K, new size 419840K
2026-10-06T21:05:43.000165+00:00
TABLE SYS.WRP$_REPORTS: ADDED AUTOLIST FRAGMENT SYS_P656 (3) VALUES (( 1509902213, TO_DATE(' 2026-10-05 00:00:00', 'syyyy-mm-dd hh24:mi:ss', 'nls_calendar=gregorian') ))
TABLE SYS.WRP$_REPORTS_DETAILS: ADDED AUTOLIST FRAGMENT SYS_P657 (3) VALUES (( 1509902213, TO_DATE(' 2026-10-05 00:00:00', 'syyyy-mm-dd hh24:mi:ss', 'nls_calendar=gregorian') ))
TABLE SYS.WRP$_REPORTS_TIME_BANDS: ADDED AUTOLIST FRAGMENT SYS_P660 (3) VALUES (( 1509902213, TO_DATE(' 2026-10-05 00:00:00', 'syyyy-mm-dd hh24:mi:ss', 'nls_calendar=gregorian') ))
